// Jest Snapshot v1, https://goo.gl/fbAQLP

exports[`SortBy component tests renders snapshot 1`] = `
<DocumentFragment>
  <div
    class="sort-by-container"
  >
    <label
      for="sort-by-list"
    >
      SORT BY:
    </label>
    <select
      class="sort-by-list"
      id="sort-by-list"
    >
      <option
        value="release_date"
      >
        RELEASE DATE
      </option>
      <option
        value="title"
      >
        TITLE
      </option>
    </select>
  </div>
</DocumentFragment>
`;
